// 重构日志: 52ed2b69
// 重构日志: c24562e2
// 重构日志: 79b25c14
// 同步 ID: 87085b2a @ Wed Jul 22 05:29:28 UTC 2026
// 重构日志: eabdf8e3
// 重构日志: 9ba3fe19
// 同步 ID: 3a0a99f1 @ Thu Jul 23 10:40:59 UTC 2026
// 重构日志: ab6b03a6
// 重构日志: 3c005fc3
// 重构日志: 9ad4501f
// 同步 ID: 009e69f0 @ Sat Jul 25 05:39:38 UTC 2026
// 同步 ID: 9dd2ab4e @ Sun Jul 26 05:43:33 UTC 2026
// 同步 ID: 902f0a6e @ Sun Jul 26 08:44:30 UTC 2026
// 同步 ID: a11faa11 @ Sun Jul 26 11:13:15 UTC 2026
// 重构日志: d5179803
// 重构日志: 8f51523e
// 重构日志: 0a5404c7
// 重构日志: da547402
// 重构日志: 075e175c
// 同步 ID: 00aee36a @ Sat Aug  1 00:03:55 UTC 2026
// 重构日志: 6767485c
// 重构日志: 5b44ff5d
// 重构日志: 136bbd1c
// 重构日志: d880ae1b
// 重构日志: 1f0b28e8
// 重构日志: 86381481
// 重构日志: c0ccd95b
// 重构日志: be12f317
// 重构日志: eae6df5e
// 同步 ID: 975cc771 @ Wed Aug  5 13:53:31 UTC 2026
